// Jest Snapshot v1, https://goo.gl/fbAQLP

exports[`LoginPage Component should match the snapshot 1`] = `
<div
  className="container"
>
  <div
    className="justify-content-md-center row"
  >
    <div
      className="col-md-6 col-12"
    >
      <h1>
        Sign In
      </h1>
      <form
        className=""
        onSubmit={[Function]}
      >
        <div
          className="form-group"
        >
          <label
            className="form-label"
            htmlFor="email"
          >
            Email Address
          </label>
          <input
            className="form-control"
            id="email"
            onChange={[Function]}
            placeholder="Enter email"
            type="email"
            value=""
          />
        </div>
        <div
          className="form-group"
        >
          <label
            className="form-label"
            htmlFor="password"
          >
            Password
          </label>
          <input
            className="form-control"
            id="password"
            onChange={[Function]}
            placeholder="Enter password"
            type="password"
            value=""
          />
        </div>
        <button
          className="btn btn-primary"
          disabled={false}
          type="submit"
        >
          Sign In
        </button>
      </form>
      <div
        className="py-3 row"
      >
        <div
          className="col"
        >
          New Customer?
           
          <a
            href="/register"
            onClick={[Function]}
          >
            Register
          </a>
        </div>
      </div>
    </div>
  </div>
</div>
`;
