// Jest Snapshot v1, https://goo.gl/fbAQLP

exports[`ProductListPage Component should match the snapshot 1`] = `
Array [
  <div
    className="align-items-center row"
  >
    <div
      className="col"
    >
      <h1>
        Products
      </h1>
    </div>
    <div
      className="text-right col"
    >
      <button
        className="my-3 btn btn-primary"
        disabled={false}
        onClick={[Function]}
        type="button"
      >
        <i
          className="fas fa-plus"
        />
         Create Product
      </button>
    </div>
  </div>,
  <div
    className="table-responsive"
  >
    <table
      className="table-sm table table-striped table-bordered table-hover"
    >
      <thead>
        <tr>
          <th>
            ID
          </th>
          <th>
            NAME
          </th>
          <th>
            PRICE
          </th>
          <th>
            CATEGORY
          </th>
          <th>
            BRAND
          </th>
          <th />
        </tr>
      </thead>
      <tbody />
    </table>
  </div>,
]
`;
