// Jest Snapshot v1, https://goo.gl/fbAQLP

exports[`ProfilePage Component should match the snapshot 1`] = `
<div
  className="row"
>
  <div
    className="col-md-3"
  >
    <h2>
      User Profile
    </h2>
    <form
      className=""
      onSubmit={[Function]}
    >
      <div
        className="form-group"
      >
        <label
          className="form-label"
          htmlFor="name"
        >
          Name
        </label>
        <input
          className="form-control"
          id="name"
          onChange={[Function]}
          placeholder="Enter name"
          type="name"
          value=""
        />
      </div>
      <div
        className="form-group"
      >
        <label
          className="form-label"
          htmlFor="email"
        >
          Email Address
        </label>
        <input
          className="form-control"
          id="email"
          onChange={[Function]}
          placeholder="Enter email"
          type="email"
          value=""
        />
      </div>
      <div
        className="form-group"
      >
        <label
          className="form-label"
          htmlFor="money"
        >
          Money
        </label>
        <input
          className="form-control"
          id="money"
          onChange={[Function]}
          placeholder="Enter money amount"
          type="number"
          value=""
        />
      </div>
      <div
        className="form-group"
      >
        <label
          className="form-label"
          htmlFor="password"
        >
          Password
        </label>
        <input
          className="form-control"
          id="password"
          onChange={[Function]}
          placeholder="Enter password"
          type="password"
          value=""
        />
      </div>
      <div
        className="form-group"
      >
        <label
          className="form-label"
          htmlFor="confirmPassword"
        >
          Confirm Password
        </label>
        <input
          className="form-control"
          id="confirmPassword"
          onChange={[Function]}
          placeholder="Confirm password"
          type="password"
          value=""
        />
      </div>
      <button
        className="btn btn-primary"
        disabled={false}
        type="submit"
      >
        Update
      </button>
    </form>
  </div>
  <div
    className="col-md-9"
  >
    <h2>
      My Orders
    </h2>
    <div
      className="table-responsive"
    >
      <table
        className="table-sm table table-striped table-bordered table-hover"
      >
        <thead>
          <tr>
            <th>
              ID
            </th>
            <th>
              DATE
            </th>
            <th>
              TOTAL
            </th>
            <th>
              PAID
            </th>
            <th>
              DELIVERED
            </th>
            <th />
          </tr>
        </thead>
        <tbody />
      </table>
    </div>
  </div>
</div>
`;
